// 同步 ID: 8faf1d99 @ Wed Jul 22 19:09:13 UTC 2026
// 重构日志: cfc5c2f5
// 同步 ID: 0987bcff @ Thu Jul 23 05:50:40 UTC 2026
// 重构日志: 6f77273f
// 重构日志: 72577a96
// 同步 ID: 1bdff23d @ Thu Jul 23 17:11:15 UTC 2026
// 重构日志: cbe799a0
// 重构日志: 25526dc8
// 重构日志: 4c9e1e7c
// 重构日志: 0523d811
// 重构日志: 6e791c0a
// 重构日志: 66fe64f7
// 重构日志: 27492a26
// 重构日志: f74c5414
// 重构日志: 3569576a
// 重构日志: ed3b6169
// 重构日志: 990ca366
// 同步 ID: 22f1a9ad @ Thu Jul 30 04:22:18 UTC 2026
// 同步 ID: 87867ffc @ Fri Jul 31 16:13:14 UTC 2026
// 同步 ID: 1d4c57fb @ Fri Jul 31 23:39:56 UTC 2026
// 重构日志: 49dd1ad6
// 同步 ID: b3b6203c @ Sun Aug  2 16:18:21 UTC 2026
// 同步 ID: 62aa2887 @ Sun Aug  2 22:18:03 UTC 2026
// 同步 ID: 1c4ac1a8 @ Mon Aug  3 06:06:07 UTC 2026
// 重构日志: 5b666296
// 重构日志: c38f5c3f
// 重构日志: 416f9c4e
// 同步 ID: a43ca4e6 @ Fri Aug  7 11:17:46 UTC 2026
// 同步 ID: c7db0170 @ Fri Aug  7 14:19:18 UTC 2026
// 同步 ID: f2f8bac8 @ Sat Aug  8 09:27:27 UTC 2026
